---
http_interactions:
- request:
    method: get
    uri: http://username:password@usernamepassword.uniteam.fr/api/logUser?email=email@address.com&password=password
    body:
      encoding: US-ASCII
      string: ''
    headers:
      Accept:
      - "*/*; q=0.5, application/xml"
      Accept-Encoding:
      - gzip, deflate
      User-Agent:
      - Ruby
  response:
    status:
      code: 200
      message: OK
    headers:
      Date:
      - Sun, 05 Oct 2014 20:08:40 GMT
      Server:
      - Apache/2.2.16 (Debian)
      X-Powered-By:
      - PHP/5.3.2-2
      Expires:
      - Thu, 19 Nov 1981 08:52:00 GMT
      Cache-Control:
      - no-store, no-cache, must-revalidate, post-check=0, pre-check=0
      Pragma:
      - no-cache
      Content-Length:
      - '43'
      Content-Type:
      - application/json
      Set-Cookie:
      - PHPSESSID=qmc0mgetkc23396b37q6q9eaq2; path=/
      Via:
      - 1.1 usernamepassword.uniteam.fr
    body:
      encoding: UTF-8
      string: '{"error":9,"debug":"Wrong login\/password"}'
    http_version: 
  recorded_at: Sun, 05 Oct 2014 20:10:15 GMT
- request:
    method: get
    uri: http://username:password@usernamepassword.uniteam.fr/api/logUser?email=email@address.com&password=password
    body:
      encoding: US-ASCII
      string: ''
    headers:
      Accept:
      - "*/*; q=0.5, application/xml"
      Accept-Encoding:
      - gzip, deflate
      User-Agent:
      - Ruby
  response:
    status:
      code: 200
      message: OK
    headers:
      Date:
      - Sun, 05 Oct 2014 20:37:09 GMT
      Server:
      - Apache/2.2.16 (Debian)
      X-Powered-By:
      - PHP/5.3.2-2
      Expires:
      - Thu, 19 Nov 1981 08:52:00 GMT
      Cache-Control:
      - no-store, no-cache, must-revalidate, post-check=0, pre-check=0
      Pragma:
      - no-cache
      Content-Length:
      - '43'
      Content-Type:
      - application/json
      Set-Cookie:
      - PHPSESSID=bmi2o8lekmol7esvahp2gvpm16; path=/
      Via:
      - 1.1 usernamepassword.uniteam.fr
    body:
      encoding: UTF-8
      string: '{"error":9,"debug":"Wrong login\/password"}'
    http_version: 
  recorded_at: Sun, 05 Oct 2014 20:38:44 GMT
- request:
    method: get
    uri: http://username:password@usernamepassword.uniteam.fr/api/logUser?email=email@address.com&password=password
    body:
      encoding: US-ASCII
      string: ''
    headers:
      Accept:
      - "*/*; q=0.5, application/xml"
      Accept-Encoding:
      - gzip, deflate
      User-Agent:
      - Ruby
  response:
    status:
      code: 200
      message: OK
    headers:
      Date:
      - Sun, 05 Oct 2014 20:54:18 GMT
      Server:
      - Apache/2.2.16 (Debian)
      X-Powered-By:
      - PHP/5.3.2-2
      Expires:
      - Thu, 19 Nov 1981 08:52:00 GMT
      Cache-Control:
      - no-store, no-cache, must-revalidate, post-check=0, pre-check=0
      Pragma:
      - no-cache
      Content-Length:
      - '43'
      Content-Type:
      - application/json
      Set-Cookie:
      - PHPSESSID=r4v7ghsqk6pqefa50o4b9sund0; path=/
      Via:
      - 1.1 usernamepassword.uniteam.fr
    body:
      encoding: UTF-8
      string: '{"error":9,"debug":"Wrong login\/password"}'
    http_version: 
  recorded_at: Sun, 05 Oct 2014 20:55:53 GMT
- request:
    method: get
    uri: http://username:password@usernamepassword.uniteam.fr/api/logUser?email=email@address.com&password=password
    body:
      encoding: US-ASCII
      string: ''
    headers:
      Accept:
      - "*/*; q=0.5, application/xml"
      Accept-Encoding:
      - gzip, deflate
      User-Agent:
      - Ruby
  response:
    status:
      code: 200
      message: OK
    headers:
      Date:
      - Sun, 05 Oct 2014 20:54:33 GMT
      Server:
      - Apache/2.2.16 (Debian)
      X-Powered-By:
      - PHP/5.3.2-2
      Expires:
      - Thu, 19 Nov 1981 08:52:00 GMT
      Cache-Control:
      - no-store, no-cache, must-revalidate, post-check=0, pre-check=0
      Pragma:
      - no-cache
      Content-Length:
      - '43'
      Content-Type:
      - application/json
      Set-Cookie:
      - PHPSESSID=emu58p9fkofq6ace3n2so3cp82; path=/
      Via:
      - 1.1 usernamepassword.uniteam.fr
    body:
      encoding: UTF-8
      string: '{"error":9,"debug":"Wrong login\/password"}'
    http_version: 
  recorded_at: Sun, 05 Oct 2014 20:56:08 GMT
- request:
    method: get
    uri: http://username:password@usernamepassword.uniteam.fr/api/logUser?email=email@address.com&password=password
    body:
      encoding: US-ASCII
      string: ''
    headers:
      Accept:
      - "*/*; q=0.5, application/xml"
      Accept-Encoding:
      - gzip, deflate
      User-Agent:
      - Ruby
  response:
    status:
      code: 200
      message: OK
    headers:
      Date:
      - Sun, 05 Oct 2014 21:08:59 GMT
      Server:
      - Apache/2.2.16 (Debian)
      X-Powered-By:
      - PHP/5.3.2-2
      Expires:
      - Thu, 19 Nov 1981 08:52:00 GMT
      Cache-Control:
      - no-store, no-cache, must-revalidate, post-check=0, pre-check=0
      Pragma:
      - no-cache
      Content-Length:
      - '43'
      Content-Type:
      - application/json
      Set-Cookie:
      - PHPSESSID=e011lm45m88hhn0nc83c9sj2h0; path=/
      Via:
      - 1.1 usernamepassword.uniteam.fr
    body:
      encoding: UTF-8
      string: '{"error":9,"debug":"Wrong login\/password"}'
    http_version: 
  recorded_at: Sun, 05 Oct 2014 21:10:34 GMT
- request:
    method: get
    uri: http://username:password@usernamepassword.uniteam.fr/api/logUser?email=email@address.com&password=password
    body:
      encoding: US-ASCII
      string: ''
    headers:
      Accept:
      - "*/*; q=0.5, application/xml"
      Accept-Encoding:
      - gzip, deflate
      User-Agent:
      - Ruby
  response:
    status:
      code: 200
      message: OK
    headers:
      Date:
      - Sun, 05 Oct 2014 21:10:35 GMT
      Server:
      - Apache/2.2.16 (Debian)
      X-Powered-By:
      - PHP/5.3.2-2
      Expires:
      - Thu, 19 Nov 1981 08:52:00 GMT
      Cache-Control:
      - no-store, no-cache, must-revalidate, post-check=0, pre-check=0
      Pragma:
      - no-cache
      Content-Length:
      - '43'
      Content-Type:
      - application/json
      Set-Cookie:
      - PHPSESSID=pin8ghhj4qbbvrnja1lore0fk4; path=/
      Via:
      - 1.1 usernamepassword.uniteam.fr
    body:
      encoding: UTF-8
      string: '{"error":9,"debug":"Wrong login\/password"}'
    http_version: 
  recorded_at: Sun, 05 Oct 2014 21:12:10 GMT
recorded_with: VCR 2.9.3
